---
source: tests/dash.rs
expression: "frame(&app_with(\"troubled\"))"
---
 toon-provider dash ── Fixture Provider ── up 1h ── ● 4 problems ── as of 22:14:20 UTC, every 60s
┌ NEEDS A PERSON ──────────────────────────────────────────────────────────────────────────────────────────────────────┐
│PROBLEM identity: the Profile's connector_seal_key 0x04325b06…ed0188 is not the key the connector reports             │
│(0x04ffffff…ffffff); every tenant will refuse to spawn                                                                │
│PROBLEM directory: ws://relay-two.fixture.example:7100 refused the latest write of the Liveness: relay refused (last  │
│accepted 1m ago)                                                                                                      │
│PROBLEM publisher: the channel PubChanne1…111111 is drained (remaining 0 of 10000000); no directory write can be paid │
│for — `toon-provider topup <amount>`                                                                                  │
│PROBLEM funding: the connector's Solana settlement address 9xQeWvG816bUx9EPjHmaT23yvVM2ZWbrrpZb9PusVFin holds 0.004   │
│SOL, under --min-sol 0.005; the connector cannot pay for its boot transaction                                         │
│warning earnings: GET http://provider-connector:4000/claims answered 404 Not Found                                    │
└──────────────────────────────────────────────────────────────────────────────────────────────────────────────────────┘
┌ IDENTITY ────────────────────────────────────────────────┐┌ DIRECTORY ───────────────────────────────────────────────┐
│npub                                                      ││Liveness every 60s; the latest expires in 5m              │
│npub1gekhljh9v0jukzdq6xrshdvqx3yqgctc0xs5jjw0yg597xaw8uns4││ws://relay-two.fixture.example:7100                       │
│7vduw                                                     ││  profile       accepted 1m ago                           │
│ILP address   g.fixture                                   ││  liveness      REFUSED 0s ago: relay refused (last       │
│mode          public                                      ││accepted 1m ago)                                          │
│sealing key   0x04325b06…ed0188 — MISMATCH: the connector ││  listing basic accepted 1m ago                           │
│reports 0x04ffffff…ffffff; tenants will refuse to spawn   ││  listing gpu   accepted 1m ago                           │
└──────────────────────────────────────────────────────────┘└──────────────────────────────── ↓ more: Tab here, then j ┘
┌ PUBLISHER ───────────────────────────────────────────────┐┌ LEASES ──────────────────────────────────────────────────┐
│channel       PubChanne1111111111111111111111111111111111 ││basic v1: 1 of 2 in use, 1 available — 1000 per 3600s     │
│on solana                                                 ││gpu v1: 0 of 1 in use, 1 available — 1000 per 3600s       │
│deposit       10000000   spent 10000000   remaining 0     ││warm v1: 1 of 1 in use, 0 available — 1000 per 3600s (400 │
│(token base units)                                        ││standby)                                                  │
│runway        unknown — runway = remaining ÷ (price per   ││#1000 basic v1 standalone running, expires in 1h 59m; ssh │
│write × writes per cadence)                               ││40000, ports 443→41000; billed 2000                       │
│DRAINED: no directory write can be paid for. Top up with  ││#1001 warm v1 standby reserved, expires in 59m; ssh 40001,│
└──────────────────────────────── ↓ more: Tab here, then j ┘└──────────────────────────────── ↓ more: Tab here, then j ┘
┌ EARNINGS ────────────────────────────────────────────────┐┌ FUNDING ─────────────────────────────────────────────────┐
│unavailable: GET http://provider-connector:4000/claims    ││settlement    9xQeWvG816bUx9EPjHmaT23yvVM2ZWbrrpZb9PusVFin│
│answered 404 Not Found                                    ││holds 0.004 SOL (read from                                │
│                                                          ││https://solana-rpc.fixture.example)                       │
│                                                          ││                                                          │
│                                                          ││                                                          │
│                                                          ││                                                          │
│                                                          ││                                                          │
└──────────────────────────────────────────────────────────┘└──────────────────────────────────────────────────────────┘
 r redeem  t top up  u refresh  Tab pane  j/k scroll  q quit
