---
source: tests/dash.rs
expression: screen
---
 toon-provider dash ── Fixture Provider ── up 1h ── ● check OK ── as of 22:14:20 UTC, every 60s
┌ IDENTITY ────────────────────────────────────────────────┐┌ DIRECTORY ───────────────────────────────────────────────┐
│npub                                                      ││Liveness every 60s; the latest expires in 5m              │
│npub1gekhljh9v0jukzdq6xrshdvqx3yqgctc0xs5jjw0yg597xaw8uns4││ws://relay-two.fixture.example:7100                       │
│7vduw                                                     ││  profile       accepted 1m ago                           │
│ILP address   g.fixture                                   ││  liveness      accepted 0s ago, expires in 5m            │
│mode          public                                      ││  listing basic accepted 1m ago                           │
│sealing key   0x04325b06…ed0188 — matches the connector's ││  listing gpu   accepted 1m ago                           │
│live key                                                  ││  listing warm  accepted 1m ago                           │
│                                                          ││ws://relay.fixture.example:7100                           │
│                                                          ││  profile       accepted 1m ago                           │
│                                                          ││  liveness      accepted 0s ago, expires in 5m            │
│                                                          ││  listing basic accepted 1m ago                           │
└──────────────────────────────────────────────────────────┘└──────────────────────────────── ↓ more: Tab here, then j ┘
┌ PUBLISHER ───────────────────────────────────────────────┐┌ LEASES ──────────────────────────────────────────────────┐
│channel       PubChanne1111111111111111111111111111111111 ││basic v1: 1 of 2 in use, 1 available — 1000 per 3600s     │
│on s┌ Operator key ──────────────────────────────────────────────────────────────────────────────────────────────┐    │
│depo│The operator key signs 1 redeem: 64 hex characters, the private half `./keys.sh init` printed.              │400 │
│(tok│It is held in memory until the redeems are sent, then wiped; it is never shown or written anywhere.         │    │
│runw│                                                                                                            │ssh │
│    │key: ••••••••••••••••••••••••••••••••••••••••••••••••••••••••••••••••  (64 of 64)                           │    │
│    │                                                                                                            │001,│
│    │Enter sign and redeem   Esc cancel                                                                          │    │
│    └────────────────────────────────────────────────────────────────────────────────────────────────────────────┘    │
│                                                          ││                                                          │
└──────────────────────────────────────────────────────────┘└──────────────────────────────────────────────────────────┘
┌ EARNINGS ────────────────────────────────────────────────┐┌ FUNDING ─────────────────────────────────────────────────┐
│0xabababab…ababab (open): claimed 3400, redeemed 1000,    ││settlement    9xQeWvG816bUx9EPjHmaT23yvVM2ZWbrrpZb9PusVFin│
│unredeemed 2400; last redeemed 10m ago                    ││holds 1.5 SOL (read from                                  │
│2aEVJ8koKD…zQ7Rip: claimed 600, redeemed 0, unredeemed    ││https://solana-rpc.fixture.example)                       │
│600; last redeemed not since the connector started        ││publisher     7cVfgArCheMR6Cs4t6vz5rfnqd56vZq4ndaBrY5xkxXy│
│total unredeemed 3000 (token base units)                  ││holds 25000000 of                                         │
│                                                          ││34eSxY7qxQ4GzyhDJ8GpUcTz1WWzruGbJbR8q6TtxfQU; the next    │
│                                                          ││channel takes 10000000                                    │
│                                                          ││                                                          │
│                                                          ││                                                          │
│                                                          ││                                                          │
│                                                          ││                                                          │
└──────────────────────────────────────────────────────────┘└──────────────────────────────────────────────────────────┘
 r redeem  t top up  u refresh  Tab pane  j/k scroll  q quit
