---
source: tests/dash.rs
expression: frame(&app)
---
 toon-provider dash ── Fixture Provider ── up 1h ── ● check OK ── as of 22:14:20 UTC, every 60s
┌ IDENTITY ────────────────────────────────────────────────┐┌ DIRECTORY ───────────────────────────────────────────────┐
│npub                                                      ││Liveness every 60s; the latest expires in 5m              │
│npub1gekhljh9v0jukzdq6xrshdvqx3yqgctc0xs5jjw0yg597xaw8uns4││ws://relay-two.fixture.example:7100                       │
│7vduw                                                     ││  profile       accepted 1m ago                           │
│ILP address   g.fixture                                   ││  liveness      accepted 0s ago, expires in 5m            │
│mode          public                                      ││  listing basic accepted 1m ago                           │
│sealing key   0x04325b06…ed0188 — matches the connector's ││  listing gpu   accepted 1m ago                           │
│live key                                                  ││  listing warm  accepted 1m ago                           │
│                                                          ││ws://relay.fixture.example:7100                           │
│                                                          ││  profile       accepted 1m ago                           │
│                                                          ││  liveness      accepted 0s ago, expires in 5m            │
│                                                          ││  listing basic accepted 1m ago                           │
└──────────────────────────────────────────────────────────┘└──────────────────────────────── ↓ more: Tab here, then j ┘
┌ PUB┌ Redeem earnings ───────────────────────────────────────────────────────────────────────────────────────────┐────┐
│chan│       unredeemed  chain   est. gas            channel                                                      │    │
│on s│› [ ]         2400  evm     unknown             0xabababab…ababab                                           │    │
│depo│  [ ]          600  solana  ~0.00001 SOL        2aEVJ8koKD…zQ7Rip                                           │400 │
│(tok│                                                                                                            │    │
│runw│picked: 0 token base units. Gas is an estimate, paid by the connector's settlement key in the chain's own   │ssh │
│    │coin, not out of the channel.                                                                               │    │
│    │gas, evm: no EVM RPC; gas, solana: 10000 lamports: 2 signatures (fee payer, Ed25519 precompile) at 5000, no │001,│
│    │priority fee                                                                                                │    │
│    │                                                                                                            │    │
│    │Space pick   a all   Enter continue   Esc cancel                                                            │    │
└────└────────────────────────────────────────────────────────────────────────────────────────────────────────────┘────┘
┌ EARNINGS ────────────────────────────────────────────────┐┌ FUNDING ─────────────────────────────────────────────────┐
│0xabababab…ababab (open): claimed 3400, redeemed 1000,    ││settlement    9xQeWvG816bUx9EPjHmaT23yvVM2ZWbrrpZb9PusVFin│
│unredeemed 2400; last redeemed 10m ago                    ││holds 1.5 SOL (read from                                  │
│2aEVJ8koKD…zQ7Rip: claimed 600, redeemed 0, unredeemed    ││https://solana-rpc.fixture.example)                       │
│600; last redeemed not since the connector started        ││publisher     7cVfgArCheMR6Cs4t6vz5rfnqd56vZq4ndaBrY5xkxXy│
│total unredeemed 3000 (token base units)                  ││holds 25000000 of                                         │
│                                                          ││34eSxY7qxQ4GzyhDJ8GpUcTz1WWzruGbJbR8q6TtxfQU; the next    │
│                                                          ││channel takes 10000000                                    │
│                                                          ││                                                          │
│                                                          ││                                                          │
│                                                          ││                                                          │
│                                                          ││                                                          │
└──────────────────────────────────────────────────────────┘└──────────────────────────────────────────────────────────┘
 r redeem  u refresh  Tab pane  j/k scroll  q quit
